// Jest Snapshot v1, https://goo.gl/fbAQLP

exports[`field transformations should convert time based counters to time utilization 1`] = `
Object {
  "fields": Array [
    Object {
      "config": Object {},
      "labels": undefined,
      "name": "Time",
      "type": "time",
      "values": Array [
        2000,
        4000,
        6000,
      ],
    },
    Object {
      "config": Object {
        "unit": "percentunit",
      },
      "labels": undefined,
      "name": "cgroup.cpu.stat.usage",
      "type": "number",
      "values": Array [
        0,
        1,
        0.5,
      ],
    },
  ],
  "meta": undefined,
  "name": undefined,
  "refId": undefined,
}
`;
